Archive member included to satisfy reference by file (symbol)

/usr/lib/gcc/avr/5.4.0/avr5/libgcc.a(_exit.o)
                              /usr/lib/gcc/avr/5.4.0/../../../avr/lib/avr5/crtatmega32.o (exit)
/usr/lib/gcc/avr/5.4.0/avr5/libgcc.a(_copy_data.o)
                              DIO_CFG.o (__do_copy_data)
/usr/lib/gcc/avr/5.4.0/avr5/libgcc.a(_clear_bss.o)
                              EX_Interrupt.o (__do_clear_bss)

Discarded input sections

 .data          0x0000000000000000        0x0 /usr/lib/gcc/avr/5.4.0/../../../avr/lib/avr5/crtatmega32.o
 .bss           0x0000000000000000        0x0 /usr/lib/gcc/avr/5.4.0/../../../avr/lib/avr5/crtatmega32.o
 .text          0x0000000000000000        0x0 app.o
 .data          0x0000000000000000        0x0 app.o
 .bss           0x0000000000000000        0x0 app.o
 .text.app_start_v1_2
                0x0000000000000000       0x80 app.o
 .text          0x0000000000000000        0x0 button.o
 .data          0x0000000000000000        0x0 button.o
 .bss           0x0000000000000000        0x0 button.o
 .text.BUTTON_read2
                0x0000000000000000        0x6 button.o
 .text          0x0000000000000000        0x0 DIO.o
 .data          0x0000000000000000        0x0 DIO.o
 .bss           0x0000000000000000        0x0 DIO.o
 .text.DIO_ReadPin2
                0x0000000000000000       0x7c DIO.o
 .text.DIO_InitPin2
                0x0000000000000000      0x1c0 DIO.o
 .text.DIO_WritePin2
                0x0000000000000000       0xe0 DIO.o
 .text.DIO_ReadPin3
                0x0000000000000000       0x5c DIO.o
 .text.DIO_WritePort
                0x0000000000000000       0x20 DIO.o
 .text          0x0000000000000000        0x0 DIO_CFG.o
 .data          0x0000000000000000        0x0 DIO_CFG.o
 .bss           0x0000000000000000        0x0 DIO_CFG.o
 .text          0x0000000000000000        0x0 EX_Interrupt.o
 .data          0x0000000000000000        0x0 EX_Interrupt.o
 .bss           0x0000000000000000        0x0 EX_Interrupt.o
 .text.EXI_Enable
                0x0000000000000000       0x24 EX_Interrupt.o
 .text.EXI_Disable
                0x0000000000000000       0x24 EX_Interrupt.o
 .text.EXI_TriggerEdge
                0x0000000000000000       0xc0 EX_Interrupt.o
 .text.EXI_Init
                0x0000000000000000       0x1a EX_Interrupt.o
 .text.EXI_SetCallBack
                0x0000000000000000       0x2a EX_Interrupt.o
 .text          0x0000000000000000        0x0 led.o
 .data          0x0000000000000000        0x0 led.o
 .bss           0x0000000000000000        0x0 led.o
 .text.LED_toggel
                0x0000000000000000        0x2 led.o
 .text          0x0000000000000000        0x0 main.o
 .data          0x0000000000000000        0x0 main.o
 .bss           0x0000000000000000        0x0 main.o
 .text          0x0000000000000000        0x0 /usr/lib/gcc/avr/5.4.0/avr5/libgcc.a(_exit.o)
 .data          0x0000000000000000        0x0 /usr/lib/gcc/avr/5.4.0/avr5/libgcc.a(_exit.o)
 .bss           0x0000000000000000        0x0 /usr/lib/gcc/avr/5.4.0/avr5/libgcc.a(_exit.o)
 .text.libgcc.mul
                0x0000000000000000        0x0 /usr/lib/gcc/avr/5.4.0/avr5/libgcc.a(_exit.o)
 .text.libgcc.div
                0x0000000000000000        0x0 /usr/lib/gcc/avr/5.4.0/avr5/libgcc.a(_exit.o)
 .text.libgcc   0x0000000000000000        0x0 /usr/lib/gcc/avr/5.4.0/avr5/libgcc.a(_exit.o)
 .text.libgcc.prologue
                0x0000000000000000        0x0 /usr/lib/gcc/avr/5.4.0/avr5/libgcc.a(_exit.o)
 .text.libgcc.builtins
                0x0000000000000000        0x0 /usr/lib/gcc/avr/5.4.0/avr5/libgcc.a(_exit.o)
 .text.libgcc.fmul
                0x0000000000000000        0x0 /usr/lib/gcc/avr/5.4.0/avr5/libgcc.a(_exit.o)
 .text.libgcc.fixed
                0x0000000000000000        0x0 /usr/lib/gcc/avr/5.4.0/avr5/libgcc.a(_exit.o)
 .text          0x0000000000000000        0x0 /usr/lib/gcc/avr/5.4.0/avr5/libgcc.a(_copy_data.o)
 .data          0x0000000000000000        0x0 /usr/lib/gcc/avr/5.4.0/avr5/libgcc.a(_copy_data.o)
 .bss           0x0000000000000000        0x0 /usr/lib/gcc/avr/5.4.0/avr5/libgcc.a(_copy_data.o)
 .text.libgcc.mul
                0x0000000000000000        0x0 /usr/lib/gcc/avr/5.4.0/avr5/libgcc.a(_copy_data.o)
 .text.libgcc.div
                0x0000000000000000        0x0 /usr/lib/gcc/avr/5.4.0/avr5/libgcc.a(_copy_data.o)
 .text.libgcc   0x0000000000000000        0x0 /usr/lib/gcc/avr/5.4.0/avr5/libgcc.a(_copy_data.o)
 .text.libgcc.prologue
                0x0000000000000000        0x0 /usr/lib/gcc/avr/5.4.0/avr5/libgcc.a(_copy_data.o)
 .text.libgcc.builtins
                0x0000000000000000        0x0 /usr/lib/gcc/avr/5.4.0/avr5/libgcc.a(_copy_data.o)
 .text.libgcc.fmul
                0x0000000000000000        0x0 /usr/lib/gcc/avr/5.4.0/avr5/libgcc.a(_copy_data.o)
 .text.libgcc.fixed
                0x0000000000000000        0x0 /usr/lib/gcc/avr/5.4.0/avr5/libgcc.a(_copy_data.o)
 .text          0x0000000000000000        0x0 /usr/lib/gcc/avr/5.4.0/avr5/libgcc.a(_clear_bss.o)
 .data          0x0000000000000000        0x0 /usr/lib/gcc/avr/5.4.0/avr5/libgcc.a(_clear_bss.o)
 .bss           0x0000000000000000        0x0 /usr/lib/gcc/avr/5.4.0/avr5/libgcc.a(_clear_bss.o)
 .text.libgcc.mul
                0x0000000000000000        0x0 /usr/lib/gcc/avr/5.4.0/avr5/libgcc.a(_clear_bss.o)
 .text.libgcc.div
                0x0000000000000000        0x0 /usr/lib/gcc/avr/5.4.0/avr5/libgcc.a(_clear_bss.o)
 .text.libgcc   0x0000000000000000        0x0 /usr/lib/gcc/avr/5.4.0/avr5/libgcc.a(_clear_bss.o)
 .text.libgcc.prologue
                0x0000000000000000        0x0 /usr/lib/gcc/avr/5.4.0/avr5/libgcc.a(_clear_bss.o)
 .text.libgcc.builtins
                0x0000000000000000        0x0 /usr/lib/gcc/avr/5.4.0/avr5/libgcc.a(_clear_bss.o)
 .text.libgcc.fmul
                0x0000000000000000        0x0 /usr/lib/gcc/avr/5.4.0/avr5/libgcc.a(_clear_bss.o)
 .text.libgcc.fixed
                0x0000000000000000        0x0 /usr/lib/gcc/avr/5.4.0/avr5/libgcc.a(_clear_bss.o)

Memory Configuration

Name             Origin             Length             Attributes
text             0x0000000000000000 0x0000000000020000 xr
data             0x0000000000800060 0x000000000000ffa0 rw !x
eeprom           0x0000000000810000 0x0000000000010000 rw !x
fuse             0x0000000000820000 0x0000000000000002 rw !x
lock             0x0000000000830000 0x0000000000000400 rw !x
signature        0x0000000000840000 0x0000000000000400 rw !x
user_signatures  0x0000000000850000 0x0000000000000400 rw !x
*default*        0x0000000000000000 0xffffffffffffffff

Linker script and memory map

LOAD /usr/lib/gcc/avr/5.4.0/../../../avr/lib/avr5/crtatmega32.o
LOAD app.o
LOAD button.o
LOAD DIO.o
LOAD DIO_CFG.o
LOAD EX_Interrupt.o
LOAD led.o
LOAD main.o
START GROUP
LOAD /usr/lib/gcc/avr/5.4.0/avr5/libgcc.a
LOAD /usr/lib/gcc/avr/5.4.0/../../../avr/lib/avr5/libm.a
LOAD /usr/lib/gcc/avr/5.4.0/../../../avr/lib/avr5/libc.a
LOAD /usr/lib/gcc/avr/5.4.0/../../../avr/lib/avr5/libatmega32.a
END GROUP
                0x0000000000000000                __TEXT_REGION_ORIGIN__ = DEFINED (__TEXT_REGION_ORIGIN__)?__TEXT_REGION_ORIGIN__:0x0
                0x0000000000800060                __DATA_REGION_ORIGIN__ = DEFINED (__DATA_REGION_ORIGIN__)?__DATA_REGION_ORIGIN__:0x800060
                0x0000000000020000                __TEXT_REGION_LENGTH__ = DEFINED (__TEXT_REGION_LENGTH__)?__TEXT_REGION_LENGTH__:0x20000
                0x000000000000ffa0                __DATA_REGION_LENGTH__ = DEFINED (__DATA_REGION_LENGTH__)?__DATA_REGION_LENGTH__:0xffa0
                0x0000000000010000                __EEPROM_REGION_LENGTH__ = DEFINED (__EEPROM_REGION_LENGTH__)?__EEPROM_REGION_LENGTH__:0x10000
                [0x0000000000000002]                __FUSE_REGION_LENGTH__ = DEFINED (__FUSE_REGION_LENGTH__)?__FUSE_REGION_LENGTH__:0x400
                0x0000000000000400                __LOCK_REGION_LENGTH__ = DEFINED (__LOCK_REGION_LENGTH__)?__LOCK_REGION_LENGTH__:0x400
                0x0000000000000400                __SIGNATURE_REGION_LENGTH__ = DEFINED (__SIGNATURE_REGION_LENGTH__)?__SIGNATURE_REGION_LENGTH__:0x400
                0x0000000000000400                __USER_SIGNATURE_REGION_LENGTH__ = DEFINED (__USER_SIGNATURE_REGION_LENGTH__)?__USER_SIGNATURE_REGION_LENGTH__:0x400

.hash
 *(.hash)

.dynsym
 *(.dynsym)

.dynstr
 *(.dynstr)

.gnu.version
 *(.gnu.version)

.gnu.version_d
 *(.gnu.version_d)

.gnu.version_r
 *(.gnu.version_r)

.rel.init
 *(.rel.init)

.rela.init
 *(.rela.init)

.rel.text
 *(.rel.text)
 *(.rel.text.*)
 *(.rel.gnu.linkonce.t*)

.rela.text
 *(.rela.text)
 *(.rela.text.*)
 *(.rela.gnu.linkonce.t*)

.rel.fini
 *(.rel.fini)

.rela.fini
 *(.rela.fini)

.rel.rodata
 *(.rel.rodata)
 *(.rel.rodata.*)
 *(.rel.gnu.linkonce.r*)

.rela.rodata
 *(.rela.rodata)
 *(.rela.rodata.*)
 *(.rela.gnu.linkonce.r*)

.rel.data
 *(.rel.data)
 *(.rel.data.*)
 *(.rel.gnu.linkonce.d*)

.rela.data
 *(.rela.data)
 *(.rela.data.*)
 *(.rela.gnu.linkonce.d*)

.rel.ctors
 *(.rel.ctors)

.rela.ctors
 *(.rela.ctors)

.rel.dtors
 *(.rel.dtors)

.rela.dtors
 *(.rela.dtors)

.rel.got
 *(.rel.got)

.rela.got
 *(.rela.got)

.rel.bss
 *(.rel.bss)

.rela.bss
 *(.rela.bss)

.rel.plt
 *(.rel.plt)

.rela.plt
 *(.rela.plt)

.text           0x0000000000000000      0x6c0
 *(.vectors)
 .vectors       0x0000000000000000       0x54 /usr/lib/gcc/avr/5.4.0/../../../avr/lib/avr5/crtatmega32.o
                0x0000000000000000                __vectors
                0x0000000000000000                __vector_default
 *(.vectors)
 *(.progmem.gcc*)
                0x0000000000000054                . = ALIGN (0x2)
                0x0000000000000054                __trampolines_start = .
 *(.trampolines)
 .trampolines   0x0000000000000054        0x0 linker stubs
 *(.trampolines*)
                0x0000000000000054                __trampolines_end = .
 *libprintf_flt.a:*(.progmem.data)
 *libc.a:*(.progmem.data)
 *(.progmem*)
                0x0000000000000054                . = ALIGN (0x2)
 *(.jumptables)
 *(.jumptables*)
 *(.lowtext)
 *(.lowtext*)
                0x0000000000000054                __ctors_start = .
 *(.ctors)
                0x0000000000000054                __ctors_end = .
                0x0000000000000054                __dtors_start = .
 *(.dtors)
                0x0000000000000054                __dtors_end = .
 SORT(*)(.ctors)
 SORT(*)(.dtors)
 *(.init0)
 .init0         0x0000000000000054        0x0 /usr/lib/gcc/avr/5.4.0/../../../avr/lib/avr5/crtatmega32.o
                0x0000000000000054                __init
 *(.init0)
 *(.init1)
 *(.init1)
 *(.init2)
 .init2         0x0000000000000054        0xc /usr/lib/gcc/avr/5.4.0/../../../avr/lib/avr5/crtatmega32.o
 *(.init2)
 *(.init3)
 *(.init3)
 *(.init4)
 .init4         0x0000000000000060       0x16 /usr/lib/gcc/avr/5.4.0/avr5/libgcc.a(_copy_data.o)
                0x0000000000000060                __do_copy_data
 .init4         0x0000000000000076       0x10 /usr/lib/gcc/avr/5.4.0/avr5/libgcc.a(_clear_bss.o)
                0x0000000000000076                __do_clear_bss
 *(.init4)
 *(.init5)
 *(.init5)
 *(.init6)
 *(.init6)
 *(.init7)
 *(.init7)
 *(.init8)
 *(.init8)
 *(.init9)
 .init9         0x0000000000000086        0x8 /usr/lib/gcc/avr/5.4.0/../../../avr/lib/avr5/crtatmega32.o
 *(.init9)
 *(.text)
 .text          0x000000000000008e        0x4 /usr/lib/gcc/avr/5.4.0/../../../avr/lib/avr5/crtatmega32.o
                0x000000000000008e                __vector_12
                0x000000000000008e                __bad_interrupt
                0x000000000000008e                __vector_6
                0x000000000000008e                __vector_11
                0x000000000000008e                __vector_13
                0x000000000000008e                __vector_17
                0x000000000000008e                __vector_19
                0x000000000000008e                __vector_7
                0x000000000000008e                __vector_5
                0x000000000000008e                __vector_4
                0x000000000000008e                __vector_9
                0x000000000000008e                __vector_15
                0x000000000000008e                __vector_8
                0x000000000000008e                __vector_14
                0x000000000000008e                __vector_10
                0x000000000000008e                __vector_16
                0x000000000000008e                __vector_18
                0x000000000000008e                __vector_20
                0x0000000000000092                . = ALIGN (0x2)
 *(.text.*)
 .text.app_start_v1
                0x0000000000000092       0xbe app.o
                0x0000000000000092                app_start_v1
 .text.app_init
                0x0000000000000150       0x26 app.o
                0x0000000000000150                app_init
 .text.BUTTON_init
                0x0000000000000176        0x8 button.o
                0x0000000000000176                BUTTON_init
 .text.BUTTON_read
                0x000000000000017e        0x6 button.o
                0x000000000000017e                BUTTON_read
 .text.DIO_InitPin
                0x0000000000000184      0x22c DIO.o
                0x0000000000000184                DIO_InitPin
 .text.DIO_Init
                0x00000000000003b0       0x20 DIO.o
                0x00000000000003b0                DIO_Init
 .text.DIO_WritePin
                0x00000000000003d0      0x134 DIO.o
                0x00000000000003d0                DIO_WritePin
 .text.DIO_ReadPin
                0x0000000000000504       0x9c DIO.o
                0x0000000000000504                DIO_ReadPin
 .text.__vector_1
                0x00000000000005a0       0x52 EX_Interrupt.o
                0x00000000000005a0                __vector_1
 .text.__vector_2
                0x00000000000005f2       0x52 EX_Interrupt.o
                0x00000000000005f2                __vector_2
 .text.__vector_3
                0x0000000000000644       0x52 EX_Interrupt.o
                0x0000000000000644                __vector_3
 .text.LED_init
                0x0000000000000696        0x8 led.o
                0x0000000000000696                LED_init
 .text.LED_on   0x000000000000069e        0x8 led.o
                0x000000000000069e                LED_on
 .text.LED_off  0x00000000000006a6        0x8 led.o
                0x00000000000006a6                LED_off
 .text.main     0x00000000000006ae        0xe main.o
                0x00000000000006ae                main
                0x00000000000006bc                . = ALIGN (0x2)
 *(.fini9)
 .fini9         0x00000000000006bc        0x0 /usr/lib/gcc/avr/5.4.0/avr5/libgcc.a(_exit.o)
                0x00000000000006bc                exit
                0x00000000000006bc                _exit
 *(.fini9)
 *(.fini8)
 *(.fini8)
 *(.fini7)
 *(.fini7)
 *(.fini6)
 *(.fini6)
 *(.fini5)
 *(.fini5)
 *(.fini4)
 *(.fini4)
 *(.fini3)
 *(.fini3)
 *(.fini2)
 *(.fini2)
 *(.fini1)
 *(.fini1)
 *(.fini0)
 .fini0         0x00000000000006bc        0x4 /usr/lib/gcc/avr/5.4.0/avr5/libgcc.a(_exit.o)
 *(.fini0)
                0x00000000000006c0                _etext = .

.data           0x0000000000800060       0x20 load address 0x00000000000006c0
                0x0000000000800060                PROVIDE (__data_start, .)
 *(.data)
 *(.data*)
 *(.gnu.linkonce.d*)
 *(.rodata)
 *(.rodata*)
 .rodata.PinsStatusArray
                0x0000000000800060       0x20 DIO_CFG.o
                0x0000000000800060                PinsStatusArray
 *(.gnu.linkonce.r*)
                0x0000000000800080                . = ALIGN (0x2)
                0x0000000000800080                _edata = .
                0x0000000000800080                PROVIDE (__data_end, .)

.bss            0x0000000000800080        0x6
                0x0000000000800080                PROVIDE (__bss_start, .)
 *(.bss)
 *(.bss*)
 .bss.INT2_Fptr
                0x0000000000800080        0x2 EX_Interrupt.o
 .bss.INT1_Fptr
                0x0000000000800082        0x2 EX_Interrupt.o
 .bss.INT0_Fptr
                0x0000000000800084        0x2 EX_Interrupt.o
 *(COMMON)
                0x0000000000800086                PROVIDE (__bss_end, .)
                0x00000000000006c0                __data_load_start = LOADADDR (.data)
                0x00000000000006e0                __data_load_end = (__data_load_start + SIZEOF (.data))

.noinit         0x0000000000800086        0x0
                [!provide]                        PROVIDE (__noinit_start, .)
 *(.noinit*)
                [!provide]                        PROVIDE (__noinit_end, .)
                0x0000000000800086                _end = .
                [!provide]                        PROVIDE (__heap_start, .)

.eeprom         0x0000000000810000        0x0
 *(.eeprom*)
                0x0000000000810000                __eeprom_end = .

.fuse
 *(.fuse)
 *(.lfuse)
 *(.hfuse)
 *(.efuse)

.lock
 *(.lock*)

.signature
 *(.signature*)

.user_signatures
 *(.user_signatures*)

.stab
 *(.stab)

.stabstr
 *(.stabstr)

.stab.excl
 *(.stab.excl)

.stab.exclstr
 *(.stab.exclstr)

.stab.index
 *(.stab.index)

.stab.indexstr
 *(.stab.indexstr)

.comment        0x0000000000000000       0x11
 *(.comment)
 .comment       0x0000000000000000       0x11 app.o
                                         0x12 (size before relaxing)
 .comment       0x0000000000000011       0x12 button.o
 .comment       0x0000000000000011       0x12 DIO.o
 .comment       0x0000000000000011       0x12 DIO_CFG.o
 .comment       0x0000000000000011       0x12 EX_Interrupt.o
 .comment       0x0000000000000011       0x12 led.o
 .comment       0x0000000000000011       0x12 main.o

.note.gnu.avr.deviceinfo
                0x0000000000000000       0x3c
 .note.gnu.avr.deviceinfo
                0x0000000000000000       0x3c /usr/lib/gcc/avr/5.4.0/../../../avr/lib/avr5/crtatmega32.o

.note.gnu.build-id
 *(.note.gnu.build-id)

.debug
 *(.debug)

.line
 *(.line)

.debug_srcinfo
 *(.debug_srcinfo)

.debug_sfnames
 *(.debug_sfnames)

.debug_aranges  0x0000000000000000      0x188
 *(.debug_aranges)
 .debug_aranges
                0x0000000000000000       0x30 app.o
 .debug_aranges
                0x0000000000000030       0x30 button.o
 .debug_aranges
                0x0000000000000060       0x60 DIO.o
 .debug_aranges
                0x00000000000000c0       0x18 DIO_CFG.o
 .debug_aranges
                0x00000000000000d8       0x58 EX_Interrupt.o
 .debug_aranges
                0x0000000000000130       0x38 led.o
 .debug_aranges
                0x0000000000000168       0x20 main.o

.debug_pubnames
 *(.debug_pubnames)

.debug_info     0x0000000000000000     0x1846
 *(.debug_info .gnu.linkonce.wi.*)
 .debug_info    0x0000000000000000      0x4e6 /usr/lib/gcc/avr/5.4.0/../../../avr/lib/avr5/crtatmega32.o
 .debug_info    0x00000000000004e6      0x4c7 app.o
 .debug_info    0x00000000000009ad      0x277 button.o
 .debug_info    0x0000000000000c24      0x532 DIO.o
 .debug_info    0x0000000000001156      0x178 DIO_CFG.o
 .debug_info    0x00000000000012ce      0x24f EX_Interrupt.o
 .debug_info    0x000000000000151d      0x26c led.o
 .debug_info    0x0000000000001789       0xbd main.o

.debug_abbrev   0x0000000000000000      0xb2c
 *(.debug_abbrev)
 .debug_abbrev  0x0000000000000000      0x4a3 /usr/lib/gcc/avr/5.4.0/../../../avr/lib/avr5/crtatmega32.o
 .debug_abbrev  0x00000000000004a3      0x194 app.o
 .debug_abbrev  0x0000000000000637       0xc6 button.o
 .debug_abbrev  0x00000000000006fd      0x1d4 DIO.o
 .debug_abbrev  0x00000000000008d1       0x6a DIO_CFG.o
 .debug_abbrev  0x000000000000093b       0xd9 EX_Interrupt.o
 .debug_abbrev  0x0000000000000a14       0xb0 led.o
 .debug_abbrev  0x0000000000000ac4       0x68 main.o

.debug_line     0x0000000000000000      0xb9d
 *(.debug_line .debug_line.* .debug_line_end)
 .debug_line    0x0000000000000000       0x1a /usr/lib/gcc/avr/5.4.0/../../../avr/lib/avr5/crtatmega32.o
 .debug_line    0x000000000000001a      0x1e0 app.o
 .debug_line    0x00000000000001fa       0x75 button.o
 .debug_line    0x000000000000026f      0x5ec DIO.o
 .debug_line    0x000000000000085b       0x30 DIO_CFG.o
 .debug_line    0x000000000000088b      0x23c EX_Interrupt.o
 .debug_line    0x0000000000000ac7       0x7e led.o
 .debug_line    0x0000000000000b45       0x58 main.o

.debug_frame    0x0000000000000000      0x328
 *(.debug_frame)
 .debug_frame   0x0000000000000000       0x54 app.o
 .debug_frame   0x0000000000000054       0x44 button.o
 .debug_frame   0x0000000000000098       0xac DIO.o
 .debug_frame   0x0000000000000144      0x16c EX_Interrupt.o
 .debug_frame   0x00000000000002b0       0x54 led.o
 .debug_frame   0x0000000000000304       0x24 main.o

.debug_str      0x0000000000000000      0x718
 *(.debug_str)
 .debug_str     0x0000000000000000      0x196 /usr/lib/gcc/avr/5.4.0/../../../avr/lib/avr5/crtatmega32.o
 .debug_str     0x0000000000000196      0x2e1 app.o
                                        0x315 (size before relaxing)
 .debug_str     0x0000000000000477       0x5c button.o
                                        0x2a7 (size before relaxing)
 .debug_str     0x00000000000004d3      0x109 DIO.o
                                        0x37b (size before relaxing)
 .debug_str     0x00000000000005dc        0xa DIO_CFG.o
                                        0x258 (size before relaxing)
 .debug_str     0x00000000000005e6      0x115 EX_Interrupt.o
                                        0x25c (size before relaxing)
 .debug_str     0x00000000000006fb       0x11 led.o
                                        0x276 (size before relaxing)
 .debug_str     0x000000000000070c        0xc main.o
                                        0x16d (size before relaxing)

.debug_loc      0x0000000000000000     0x1339
 *(.debug_loc)
 .debug_loc     0x0000000000000000      0x188 app.o
 .debug_loc     0x0000000000000188       0x89 button.o
 .debug_loc     0x0000000000000211      0xca3 DIO.o
 .debug_loc     0x0000000000000eb4      0x422 EX_Interrupt.o
 .debug_loc     0x00000000000012d6       0x63 led.o

.debug_macinfo
 *(.debug_macinfo)

.debug_weaknames
 *(.debug_weaknames)

.debug_funcnames
 *(.debug_funcnames)

.debug_typenames
 *(.debug_typenames)

.debug_varnames
 *(.debug_varnames)

.debug_pubtypes
 *(.debug_pubtypes)

.debug_ranges   0x0000000000000000      0x218
 *(.debug_ranges)
 .debug_ranges  0x0000000000000000       0x20 app.o
 .debug_ranges  0x0000000000000020       0x20 button.o
 .debug_ranges  0x0000000000000040      0x158 DIO.o
 .debug_ranges  0x0000000000000198       0x48 EX_Interrupt.o
 .debug_ranges  0x00000000000001e0       0x28 led.o
 .debug_ranges  0x0000000000000208       0x10 main.o

.debug_macro
 *(.debug_macro)
OUTPUT(led_v1.elf elf32-avr)
LOAD linker stubs
